11/22/2021 03:22:04 - INFO - root - [
    {
        "root": {
            "task": {
                "datamodule": {
                    "config": {
                        "pin_memory": null,
                        "collate_fn": "default",
                        "shuffle": {
                            "train": true,
                            "predict": false,
                            "valid": false,
                            "test": false,
                            "online": false
                        },
                        "key_type_pairs": {
                            "input_ids": "int"
                        },
                        "gen_mask": {
                            "input_ids": "attention_mask"
                        },
                        "key_padding_pairs": {
                            "input_ids": 0
                        },
                        "train_batch_size": 32,
                        "predict_batch_size": 32,
                        "online_batch_size": 1
                    },
                    "_name": "basic"
                },
                "imodel": {
                    "config": {},
                    "schedule": {
                        "config": {
                            "schedule_name": "linear_warmup,",
                            "schedule_config": {
                                "num_warmup_steps": 0.1
                            }
                        },
                        "_name": "basic"
                    },
                    "optimizer": {
                        "config": {
                            "optimizer_name": "adamw,",
                            "optimizer_config": {
                                "lr": 0.001,
                                "betas": [
                                    0.9,
                                    0.999
                                ],
                                "eps": 1e-06,
                                "weight_decay": 0.01
                            },
                            "optimizer_special_groups": [
                                [
                                    "bias & LayerNorm.bias & LayerNorm.weight",
                                    {
                                        "weight_decay": 0
                                    }
                                ]
                            ]
                        },
                        "_name": "basic"
                    },
                    "loss": {
                        "config": {
                            "task_name": "classification",
                            "weight": null,
                            "ignore_index": -1,
                            "label_smoothing": 0,
                            "pred_truth_pair": [],
                            "loss_scale": []
                        },
                        "_name": "cross_entropy"
                    },
                    "model": {
                        "config": {
                            "embedding_dim": 50,
                            "dropout": 0.1,
                            "embedding_file": "test_cls/processed_data.pkl",
                            "embedding_trace": "embedding"
                        },
                        "initmethod": {
                            "config": {
                                "range": 0.01
                            },
                            "_name": "range_norm,"
                        },
                        "encoder": {
                            "config": {
                                "return_logits": "encoder_logits",
                                "output_map": {},
                                "hidden_size": 50,
                                "input_size": 50,
                                "output_size": 50,
                                "num_layers": 1,
                                "dropout": 0.1
                            },
                            "module": {
                                "config": {
                                    "bidirectional": true,
                                    "hidden_size": 50,
                                    "input_size": 50,
                                    "proj_size": 50,
                                    "num_layers": 1,
                                    "dropout": 0.1,
                                    "dropout_last": true
                                },
                                "_name": "lstm"
                            },
                            "_name": "lstm"
                        },
                        "decoder": {
                            "config": {
                                "input_size": 50,
                                "output_size": 50,
                                "pool": null,
                                "dropout": 0.1,
                                "return_logits": "decoder_logits",
                                "output_map": {}
                            },
                            "module": {
                                "config": {
                                    "input_size": 50,
                                    "output_size": 50,
                                    "dropout": 0.1,
                                    "pool": null
                                },
                                "_name": "linear"
                            },
                            "_name": "linear"
                        },
                        "embedding": {
                            "config": {
                                "embedding_file": "test_cls/processed_data.pkl",
                                "embedding_dim": 50,
                                "embedding_trace": "embedding",
                                "freeze": false,
                                "dropout": 0.1,
                                "output_map": {},
                                "return_logits": "embedding_logits"
                            },
                            "_name": "static"
                        },
                        "_name": "basic"
                    },
                    "_name": "basic"
                },
                "_name": "test_cls"
            },
            "config": {
                "save_dir": "test_cls",
                "data_path": "test_cls/processed_data.pkl"
            },
            "_name": "test_cls"
        }
    }
]
11/22/2021 03:22:05 - INFO - root - You have 1 training config(s), they all will be run.
11/22/2021 03:22:05 - INFO - root - Runing the 0th 4fdf8410-4b00-11ec-8114-18c04d299e80...
11/22/2021 03:24:17 - INFO - root - [
    {
        "root": {
            "task": {
                "datamodule": {
                    "config": {
                        "pin_memory": null,
                        "collate_fn": "default",
                        "shuffle": {
                            "train": true,
                            "predict": false,
                            "valid": false,
                            "test": false,
                            "online": false
                        },
                        "key_type_pairs": {
                            "input_ids": "int"
                        },
                        "gen_mask": {
                            "input_ids": "attention_mask"
                        },
                        "key_padding_pairs": {
                            "input_ids": 0
                        },
                        "train_batch_size": 32,
                        "predict_batch_size": 32,
                        "online_batch_size": 1
                    },
                    "_name": "basic"
                },
                "imodel": {
                    "config": {},
                    "schedule": {
                        "config": {
                            "schedule_name": "linear_warmup,",
                            "schedule_config": {
                                "num_warmup_steps": 0.1
                            }
                        },
                        "_name": "basic"
                    },
                    "optimizer": {
                        "config": {
                            "optimizer_name": "adamw,",
                            "optimizer_config": {
                                "lr": 0.001,
                                "betas": [
                                    0.9,
                                    0.999
                                ],
                                "eps": 1e-06,
                                "weight_decay": 0.01
                            },
                            "optimizer_special_groups": [
                                [
                                    "bias & LayerNorm.bias & LayerNorm.weight",
                                    {
                                        "weight_decay": 0
                                    }
                                ]
                            ]
                        },
                        "_name": "basic"
                    },
                    "loss": {
                        "config": {
                            "task_name": "classification",
                            "weight": null,
                            "ignore_index": -1,
                            "label_smoothing": 0,
                            "pred_truth_pair": [],
                            "loss_scale": []
                        },
                        "_name": "cross_entropy"
                    },
                    "model": {
                        "config": {
                            "embedding_dim": 50,
                            "dropout": 0.1,
                            "embedding_file": "test_cls/processed_data.pkl",
                            "embedding_trace": "embedding"
                        },
                        "initmethod": {
                            "config": {
                                "range": 0.01
                            },
                            "_name": "range_norm,"
                        },
                        "encoder": {
                            "config": {
                                "return_logits": "encoder_logits",
                                "output_map": {},
                                "hidden_size": 50,
                                "input_size": 50,
                                "output_size": 50,
                                "num_layers": 1,
                                "dropout": 0.1
                            },
                            "module": {
                                "config": {
                                    "bidirectional": true,
                                    "hidden_size": 50,
                                    "input_size": 50,
                                    "proj_size": 50,
                                    "num_layers": 1,
                                    "dropout": 0.1,
                                    "dropout_last": true
                                },
                                "_name": "lstm"
                            },
                            "_name": "lstm"
                        },
                        "decoder": {
                            "config": {
                                "input_size": 50,
                                "output_size": 50,
                                "pool": null,
                                "dropout": 0.1,
                                "return_logits": "decoder_logits",
                                "output_map": {}
                            },
                            "module": {
                                "config": {
                                    "input_size": 50,
                                    "output_size": 50,
                                    "dropout": 0.1,
                                    "pool": null
                                },
                                "_name": "linear"
                            },
                            "_name": "linear"
                        },
                        "embedding": {
                            "config": {
                                "embedding_file": "test_cls/processed_data.pkl",
                                "embedding_dim": 50,
                                "embedding_trace": "embedding",
                                "freeze": false,
                                "dropout": 0.1,
                                "output_map": {},
                                "return_logits": "embedding_logits"
                            },
                            "_name": "static"
                        },
                        "_name": "basic"
                    },
                    "_name": "basic"
                },
                "_name": "test_cls"
            },
            "config": {
                "save_dir": "test_cls",
                "data_path": "test_cls/processed_data.pkl"
            },
            "_name": "test_cls"
        }
    }
]
11/22/2021 03:24:19 - INFO - root - You have 1 training config(s), they all will be run.
11/22/2021 03:24:19 - INFO - root - Runing the 0th 9f6c640c-4b00-11ec-bb98-18c04d299e80...
11/22/2021 03:24:45 - INFO - root - [
    {
        "root": {
            "task": {
                "datamodule": {
                    "config": {
                        "pin_memory": null,
                        "collate_fn": "default",
                        "shuffle": {
                            "train": true,
                            "predict": false,
                            "valid": false,
                            "test": false,
                            "online": false
                        },
                        "key_type_pairs": {
                            "input_ids": "int"
                        },
                        "gen_mask": {
                            "input_ids": "attention_mask"
                        },
                        "key_padding_pairs": {
                            "input_ids": 0
                        },
                        "train_batch_size": 32,
                        "predict_batch_size": 32,
                        "online_batch_size": 1
                    },
                    "_name": "basic"
                },
                "imodel": {
                    "config": {},
                    "schedule": {
                        "config": {
                            "schedule_name": "linear_warmup,",
                            "schedule_config": {
                                "num_warmup_steps": 0.1
                            }
                        },
                        "_name": "basic"
                    },
                    "optimizer": {
                        "config": {
                            "optimizer_name": "adamw,",
                            "optimizer_config": {
                                "lr": 0.001,
                                "betas": [
                                    0.9,
                                    0.999
                                ],
                                "eps": 1e-06,
                                "weight_decay": 0.01
                            },
                            "optimizer_special_groups": [
                                [
                                    "bias & LayerNorm.bias & LayerNorm.weight",
                                    {
                                        "weight_decay": 0
                                    }
                                ]
                            ]
                        },
                        "_name": "basic"
                    },
                    "loss": {
                        "config": {
                            "task_name": "classification",
                            "weight": null,
                            "ignore_index": -1,
                            "label_smoothing": 0,
                            "pred_truth_pair": [],
                            "loss_scale": []
                        },
                        "_name": "cross_entropy"
                    },
                    "model": {
                        "config": {
                            "embedding_dim": 50,
                            "dropout": 0.1,
                            "embedding_file": "test_cls/processed_data.pkl",
                            "embedding_trace": "embedding"
                        },
                        "initmethod": {
                            "config": {
                                "range": 0.01
                            },
                            "_name": "range_norm,"
                        },
                        "encoder": {
                            "config": {
                                "return_logits": "encoder_logits",
                                "output_map": {},
                                "hidden_size": 50,
                                "input_size": 50,
                                "output_size": 50,
                                "num_layers": 1,
                                "dropout": 0.1
                            },
                            "module": {
                                "config": {
                                    "bidirectional": true,
                                    "hidden_size": 50,
                                    "input_size": 50,
                                    "proj_size": 50,
                                    "num_layers": 1,
                                    "dropout": 0.1,
                                    "dropout_last": true
                                },
                                "_name": "lstm"
                            },
                            "_name": "lstm"
                        },
                        "decoder": {
                            "config": {
                                "input_size": 50,
                                "output_size": 50,
                                "pool": null,
                                "dropout": 0.1,
                                "return_logits": "decoder_logits",
                                "output_map": {}
                            },
                            "module": {
                                "config": {
                                    "input_size": 50,
                                    "output_size": 50,
                                    "dropout": 0.1,
                                    "pool": null
                                },
                                "_name": "linear"
                            },
                            "_name": "linear"
                        },
                        "embedding": {
                            "config": {
                                "embedding_file": "test_cls/processed_data.pkl",
                                "embedding_dim": 50,
                                "embedding_trace": "embedding",
                                "freeze": false,
                                "dropout": 0.1,
                                "output_map": {},
                                "return_logits": "embedding_logits"
                            },
                            "_name": "static"
                        },
                        "_name": "basic"
                    },
                    "_name": "basic"
                },
                "_name": "test_cls"
            },
            "config": {
                "save_dir": "test_cls",
                "data_path": "test_cls/processed_data.pkl"
            },
            "_name": "test_cls"
        }
    }
]
11/22/2021 03:24:47 - INFO - root - You have 1 training config(s), they all will be run.
11/22/2021 03:24:47 - INFO - root - Runing the 0th b069b7f6-4b00-11ec-964a-18c04d299e80...
11/22/2021 03:25:48 - INFO - root - [
    {
        "root": {
            "task": {
                "datamodule": {
                    "config": {
                        "pin_memory": null,
                        "collate_fn": "default",
                        "shuffle": {
                            "train": true,
                            "predict": false,
                            "valid": false,
                            "test": false,
                            "online": false
                        },
                        "key_type_pairs": {
                            "input_ids": "int"
                        },
                        "gen_mask": {
                            "input_ids": "attention_mask"
                        },
                        "key_padding_pairs": {
                            "input_ids": 0
                        },
                        "train_batch_size": 32,
                        "predict_batch_size": 32,
                        "online_batch_size": 1
                    },
                    "_name": "basic"
                },
                "imodel": {
                    "config": {},
                    "schedule": {
                        "config": {
                            "schedule_name": "linear_warmup,",
                            "schedule_config": {
                                "num_warmup_steps": 0.1
                            }
                        },
                        "_name": "basic"
                    },
                    "optimizer": {
                        "config": {
                            "optimizer_name": "adamw,",
                            "optimizer_config": {
                                "lr": 0.001,
                                "betas": [
                                    0.9,
                                    0.999
                                ],
                                "eps": 1e-06,
                                "weight_decay": 0.01
                            },
                            "optimizer_special_groups": [
                                [
                                    "bias & LayerNorm.bias & LayerNorm.weight",
                                    {
                                        "weight_decay": 0
                                    }
                                ]
                            ]
                        },
                        "_name": "basic"
                    },
                    "loss": {
                        "config": {
                            "task_name": "classification",
                            "weight": null,
                            "ignore_index": -1,
                            "label_smoothing": 0,
                            "pred_truth_pair": [],
                            "loss_scale": []
                        },
                        "_name": "cross_entropy"
                    },
                    "model": {
                        "config": {
                            "embedding_dim": 50,
                            "dropout": 0.1,
                            "embedding_file": "test_cls/processed_data.pkl",
                            "embedding_trace": "embedding"
                        },
                        "initmethod": {
                            "config": {
                                "range": 0.01
                            },
                            "_name": "range_norm,"
                        },
                        "encoder": {
                            "config": {
                                "return_logits": "encoder_logits",
                                "output_map": {},
                                "hidden_size": 50,
                                "input_size": 50,
                                "output_size": 50,
                                "num_layers": 1,
                                "dropout": 0.1
                            },
                            "module": {
                                "config": {
                                    "bidirectional": true,
                                    "hidden_size": 50,
                                    "input_size": 50,
                                    "proj_size": 50,
                                    "num_layers": 1,
                                    "dropout": 0.1,
                                    "dropout_last": true
                                },
                                "_name": "lstm"
                            },
                            "_name": "lstm"
                        },
                        "decoder": {
                            "config": {
                                "input_size": 50,
                                "output_size": 50,
                                "pool": null,
                                "dropout": 0.1,
                                "return_logits": "decoder_logits",
                                "output_map": {}
                            },
                            "module": {
                                "config": {
                                    "input_size": 50,
                                    "output_size": 50,
                                    "dropout": 0.1,
                                    "pool": null
                                },
                                "_name": "linear"
                            },
                            "_name": "linear"
                        },
                        "embedding": {
                            "config": {
                                "embedding_file": "test_cls/processed_data.pkl",
                                "embedding_dim": 50,
                                "embedding_trace": "embedding",
                                "freeze": false,
                                "dropout": 0.1,
                                "output_map": {},
                                "return_logits": "embedding_logits"
                            },
                            "_name": "static"
                        },
                        "_name": "basic"
                    },
                    "_name": "basic"
                },
                "_name": "test_cls"
            },
            "config": {
                "save_dir": "test_cls",
                "data_path": "test_cls/processed_data.pkl"
            },
            "_name": "test_cls"
        }
    }
]
11/22/2021 03:25:50 - INFO - root - You have 1 training config(s), they all will be run.
11/22/2021 03:25:50 - INFO - root - Runing the 0th d5f0746e-4b00-11ec-aa5d-18c04d299e80...
11/22/2021 03:26:03 - INFO - root - [
    {
        "root": {
            "task": {
                "datamodule": {
                    "config": {
                        "pin_memory": null,
                        "collate_fn": "default",
                        "shuffle": {
                            "train": true,
                            "predict": false,
                            "valid": false,
                            "test": false,
                            "online": false
                        },
                        "key_type_pairs": {
                            "input_ids": "int"
                        },
                        "gen_mask": {
                            "input_ids": "attention_mask"
                        },
                        "key_padding_pairs": {
                            "input_ids": 0
                        },
                        "train_batch_size": 32,
                        "predict_batch_size": 32,
                        "online_batch_size": 1
                    },
                    "_name": "basic"
                },
                "imodel": {
                    "config": {},
                    "schedule": {
                        "config": {
                            "schedule_name": "linear_warmup,",
                            "schedule_config": {
                                "num_warmup_steps": 0.1
                            }
                        },
                        "_name": "basic"
                    },
                    "optimizer": {
                        "config": {
                            "optimizer_name": "adamw,",
                            "optimizer_config": {
                                "lr": 0.001,
                                "betas": [
                                    0.9,
                                    0.999
                                ],
                                "eps": 1e-06,
                                "weight_decay": 0.01
                            },
                            "optimizer_special_groups": [
                                [
                                    "bias & LayerNorm.bias & LayerNorm.weight",
                                    {
                                        "weight_decay": 0
                                    }
                                ]
                            ]
                        },
                        "_name": "basic"
                    },
                    "loss": {
                        "config": {
                            "task_name": "classification",
                            "weight": null,
                            "ignore_index": -1,
                            "label_smoothing": 0,
                            "pred_truth_pair": [],
                            "loss_scale": []
                        },
                        "_name": "cross_entropy"
                    },
                    "model": {
                        "config": {
                            "embedding_dim": 50,
                            "dropout": 0.1,
                            "embedding_file": "test_cls/processed_data.pkl",
                            "embedding_trace": "embedding"
                        },
                        "initmethod": {
                            "config": {
                                "range": 0.01
                            },
                            "_name": "range_norm,"
                        },
                        "encoder": {
                            "config": {
                                "return_logits": "encoder_logits",
                                "output_map": {},
                                "hidden_size": 50,
                                "input_size": 50,
                                "output_size": 50,
                                "num_layers": 1,
                                "dropout": 0.1
                            },
                            "module": {
                                "config": {
                                    "bidirectional": true,
                                    "hidden_size": 50,
                                    "input_size": 50,
                                    "proj_size": 50,
                                    "num_layers": 1,
                                    "dropout": 0.1,
                                    "dropout_last": true
                                },
                                "_name": "lstm"
                            },
                            "_name": "lstm"
                        },
                        "decoder": {
                            "config": {
                                "input_size": 50,
                                "output_size": 50,
                                "pool": null,
                                "dropout": 0.1,
                                "return_logits": "decoder_logits",
                                "output_map": {}
                            },
                            "module": {
                                "config": {
                                    "input_size": 50,
                                    "output_size": 50,
                                    "dropout": 0.1,
                                    "pool": null
                                },
                                "_name": "linear"
                            },
                            "_name": "linear"
                        },
                        "embedding": {
                            "config": {
                                "embedding_file": "test_cls/processed_data.pkl",
                                "embedding_dim": 50,
                                "embedding_trace": "embedding",
                                "freeze": false,
                                "dropout": 0.1,
                                "output_map": {},
                                "return_logits": "embedding_logits"
                            },
                            "_name": "static"
                        },
                        "_name": "basic"
                    },
                    "_name": "basic"
                },
                "_name": "test_cls"
            },
            "config": {
                "save_dir": "test_cls",
                "data_path": "test_cls/processed_data.pkl"
            },
            "_name": "test_cls"
        }
    }
]
11/22/2021 03:26:04 - INFO - root - You have 1 training config(s), they all will be run.
11/22/2021 03:26:04 - INFO - root - Runing the 0th de8385d8-4b00-11ec-b4ae-18c04d299e80...
11/22/2021 03:29:15 - INFO - root - [
    {
        "root": {
            "task": {
                "datamodule": {
                    "config": {
                        "pin_memory": null,
                        "collate_fn": "default",
                        "shuffle": {
                            "train": true,
                            "predict": false,
                            "valid": false,
                            "test": false,
                            "online": false
                        },
                        "key_type_pairs": {
                            "input_ids": "int"
                        },
                        "gen_mask": {
                            "input_ids": "attention_mask"
                        },
                        "key_padding_pairs": {
                            "input_ids": 0
                        },
                        "train_batch_size": 32,
                        "predict_batch_size": 32,
                        "online_batch_size": 1
                    },
                    "_name": "basic"
                },
                "imodel": {
                    "config": {},
                    "schedule": {
                        "config": {
                            "schedule_name": "linear_warmup,",
                            "schedule_config": {
                                "num_warmup_steps": 0.1
                            }
                        },
                        "_name": "basic"
                    },
                    "optimizer": {
                        "config": {
                            "optimizer_name": "adamw,",
                            "optimizer_config": {
                                "lr": 0.001,
                                "betas": [
                                    0.9,
                                    0.999
                                ],
                                "eps": 1e-06,
                                "weight_decay": 0.01
                            },
                            "optimizer_special_groups": [
                                [
                                    "bias & LayerNorm.bias & LayerNorm.weight",
                                    {
                                        "weight_decay": 0
                                    }
                                ]
                            ]
                        },
                        "_name": "basic"
                    },
                    "loss": {
                        "config": {
                            "task_name": "classification",
                            "weight": null,
                            "ignore_index": -1,
                            "label_smoothing": 0,
                            "pred_truth_pair": [],
                            "loss_scale": []
                        },
                        "_name": "cross_entropy"
                    },
                    "model": {
                        "config": {
                            "embedding_dim": 50,
                            "dropout": 0.1,
                            "embedding_file": "test_cls/processed_data.pkl",
                            "embedding_trace": "embedding"
                        },
                        "initmethod": {
                            "config": {
                                "range": 0.01
                            },
                            "_name": "range_norm,"
                        },
                        "encoder": {
                            "config": {
                                "return_logits": "encoder_logits",
                                "output_map": {},
                                "hidden_size": 50,
                                "input_size": 50,
                                "output_size": 50,
                                "num_layers": 1,
                                "dropout": 0.1
                            },
                            "module": {
                                "config": {
                                    "bidirectional": true,
                                    "hidden_size": 50,
                                    "input_size": 50,
                                    "proj_size": 50,
                                    "num_layers": 1,
                                    "dropout": 0.1,
                                    "dropout_last": true
                                },
                                "_name": "lstm"
                            },
                            "_name": "lstm"
                        },
                        "decoder": {
                            "config": {
                                "input_size": 50,
                                "output_size": 50,
                                "pool": null,
                                "dropout": 0.1,
                                "return_logits": "decoder_logits",
                                "output_map": {}
                            },
                            "module": {
                                "config": {
                                    "input_size": 50,
                                    "output_size": 50,
                                    "dropout": 0.1,
                                    "pool": null
                                },
                                "_name": "linear"
                            },
                            "_name": "linear"
                        },
                        "embedding": {
                            "config": {
                                "embedding_file": "test_cls/processed_data.pkl",
                                "embedding_dim": 50,
                                "embedding_trace": "embedding",
                                "freeze": false,
                                "dropout": 0.1,
                                "output_map": {},
                                "return_logits": "embedding_logits"
                            },
                            "_name": "static"
                        },
                        "_name": "basic"
                    },
                    "_name": "basic"
                },
                "_name": "test_cls"
            },
            "config": {
                "save_dir": "test_cls",
                "data_path": "test_cls/processed_data.pkl"
            },
            "_name": "test_cls"
        }
    }
]
11/22/2021 03:29:17 - INFO - root - You have 1 training config(s), they all will be run.
11/22/2021 03:29:17 - INFO - root - Runing the 0th 50fe2326-4b01-11ec-b9cb-18c04d299e80...
11/22/2021 03:30:27 - INFO - root - [
    {
        "root": {
            "task": {
                "datamodule": {
                    "config": {
                        "pin_memory": null,
                        "collate_fn": "default",
                        "shuffle": {
                            "train": true,
                            "predict": false,
                            "valid": false,
                            "test": false,
                            "online": false
                        },
                        "key_type_pairs": {
                            "input_ids": "int"
                        },
                        "gen_mask": {
                            "input_ids": "attention_mask"
                        },
                        "key_padding_pairs": {
                            "input_ids": 0
                        },
                        "train_batch_size": 32,
                        "predict_batch_size": 32,
                        "online_batch_size": 1
                    },
                    "_name": "basic"
                },
                "imodel": {
                    "config": {},
                    "schedule": {
                        "config": {
                            "schedule_name": "linear_warmup,",
                            "schedule_config": {
                                "num_warmup_steps": 0.1
                            }
                        },
                        "_name": "basic"
                    },
                    "optimizer": {
                        "config": {
                            "optimizer_name": "adamw,",
                            "optimizer_config": {
                                "lr": 0.001,
                                "betas": [
                                    0.9,
                                    0.999
                                ],
                                "eps": 1e-06,
                                "weight_decay": 0.01
                            },
                            "optimizer_special_groups": [
                                [
                                    "bias & LayerNorm.bias & LayerNorm.weight",
                                    {
                                        "weight_decay": 0
                                    }
                                ]
                            ]
                        },
                        "_name": "basic"
                    },
                    "loss": {
                        "config": {
                            "task_name": "classification",
                            "weight": null,
                            "ignore_index": -1,
                            "label_smoothing": 0,
                            "pred_truth_pair": [],
                            "loss_scale": []
                        },
                        "_name": "cross_entropy"
                    },
                    "model": {
                        "config": {
                            "embedding_dim": 50,
                            "dropout": 0.1,
                            "embedding_file": "test_cls/processed_data.pkl",
                            "embedding_trace": "embedding"
                        },
                        "initmethod": {
                            "config": {
                                "range": 0.01
                            },
                            "_name": "range_norm,"
                        },
                        "encoder": {
                            "config": {
                                "return_logits": "encoder_logits",
                                "output_map": {},
                                "hidden_size": 50,
                                "input_size": 50,
                                "output_size": 50,
                                "num_layers": 1,
                                "dropout": 0.1
                            },
                            "module": {
                                "config": {
                                    "bidirectional": true,
                                    "hidden_size": 50,
                                    "input_size": 50,
                                    "proj_size": 50,
                                    "num_layers": 1,
                                    "dropout": 0.1,
                                    "dropout_last": true
                                },
                                "_name": "lstm"
                            },
                            "_name": "lstm"
                        },
                        "decoder": {
                            "config": {
                                "input_size": 50,
                                "output_size": 50,
                                "pool": null,
                                "dropout": 0.1,
                                "return_logits": "decoder_logits",
                                "output_map": {}
                            },
                            "module": {
                                "config": {
                                    "input_size": 50,
                                    "output_size": 50,
                                    "dropout": 0.1,
                                    "pool": null
                                },
                                "_name": "linear"
                            },
                            "_name": "linear"
                        },
                        "embedding": {
                            "config": {
                                "embedding_file": "test_cls/processed_data.pkl",
                                "embedding_dim": 50,
                                "embedding_trace": "embedding",
                                "freeze": false,
                                "dropout": 0.1,
                                "output_map": {},
                                "return_logits": "embedding_logits"
                            },
                            "_name": "static"
                        },
                        "_name": "basic"
                    },
                    "_name": "basic"
                },
                "_name": "test_cls"
            },
            "config": {
                "save_dir": "test_cls",
                "data_path": "test_cls/processed_data.pkl"
            },
            "_name": "test_cls"
        }
    }
]
11/22/2021 03:30:28 - INFO - root - You have 1 training config(s), they all will be run.
11/22/2021 03:30:28 - INFO - root - Runing the 0th 7bcd75e8-4b01-11ec-b9b0-18c04d299e80...
11/22/2021 03:32:27 - ERROR - root - There is an error occur when loading dlkit/configures/managers/lightning,
11/22/2021 03:33:29 - ERROR - root - There is an error occur when loading dlkit/configures/managers/lightning
11/22/2021 03:34:07 - ERROR - root - There is an error occur when loading dlkit/configures/managers/lightning
11/22/2021 03:35:18 - ERROR - root - There is an error occur when loading dlkit/configures/managers/lightning
11/22/2021 03:35:35 - ERROR - root - There is an error occur when loading dlkit/configures/managers/lightning
11/22/2021 03:35:44 - INFO - root - [
    {
        "root": {
            "task": {
                "datamodule": {
                    "config": {
                        "pin_memory": null,
                        "collate_fn": "default",
                        "shuffle": {
                            "train": true,
                            "predict": false,
                            "valid": false,
                            "test": false,
                            "online": false
                        },
                        "key_type_pairs": {
                            "input_ids": "int"
                        },
                        "gen_mask": {
                            "input_ids": "attention_mask"
                        },
                        "key_padding_pairs": {
                            "input_ids": 0
                        },
                        "train_batch_size": 32,
                        "predict_batch_size": 32,
                        "online_batch_size": 1
                    },
                    "_name": "basic"
                },
                "imodel": {
                    "config": {},
                    "schedule": {
                        "config": {
                            "schedule_name": "linear_warmup,",
                            "schedule_config": {
                                "num_warmup_steps": 0.1
                            }
                        },
                        "_name": "basic"
                    },
                    "optimizer": {
                        "config": {
                            "optimizer_name": "adamw,",
                            "optimizer_config": {
                                "lr": 0.001,
                                "betas": [
                                    0.9,
                                    0.999
                                ],
                                "eps": 1e-06,
                                "weight_decay": 0.01
                            },
                            "optimizer_special_groups": [
                                [
                                    "bias & LayerNorm.bias & LayerNorm.weight",
                                    {
                                        "weight_decay": 0
                                    }
                                ]
                            ]
                        },
                        "_name": "basic"
                    },
                    "loss": {
                        "config": {
                            "task_name": "classification",
                            "weight": null,
                            "ignore_index": -1,
                            "label_smoothing": 0,
                            "pred_truth_pair": [],
                            "loss_scale": []
                        },
                        "_name": "cross_entropy"
                    },
                    "model": {
                        "config": {
                            "embedding_dim": 50,
                            "dropout": 0.1,
                            "embedding_file": "test_cls/processed_data.pkl",
                            "embedding_trace": "embedding"
                        },
                        "initmethod": {
                            "config": {
                                "range": 0.01
                            },
                            "_name": "range_norm,"
                        },
                        "encoder": {
                            "config": {
                                "return_logits": "encoder_logits",
                                "output_map": {},
                                "hidden_size": 50,
                                "input_size": 50,
                                "output_size": 50,
                                "num_layers": 1,
                                "dropout": 0.1
                            },
                            "module": {
                                "config": {
                                    "bidirectional": true,
                                    "hidden_size": 50,
                                    "input_size": 50,
                                    "proj_size": 50,
                                    "num_layers": 1,
                                    "dropout": 0.1,
                                    "dropout_last": true
                                },
                                "_name": "lstm"
                            },
                            "_name": "lstm"
                        },
                        "decoder": {
                            "config": {
                                "input_size": 50,
                                "output_size": 50,
                                "pool": null,
                                "dropout": 0.1,
                                "return_logits": "decoder_logits",
                                "output_map": {}
                            },
                            "module": {
                                "config": {
                                    "input_size": 50,
                                    "output_size": 50,
                                    "dropout": 0.1,
                                    "pool": null
                                },
                                "_name": "linear"
                            },
                            "_name": "linear"
                        },
                        "embedding": {
                            "config": {
                                "embedding_file": "test_cls/processed_data.pkl",
                                "embedding_dim": 50,
                                "embedding_trace": "embedding",
                                "freeze": false,
                                "dropout": 0.1,
                                "output_map": {},
                                "return_logits": "embedding_logits"
                            },
                            "_name": "static"
                        },
                        "_name": "basic"
                    },
                    "_name": "basic"
                },
                "_name": "test_cls"
            },
            "manager": {
                "config": {
                    "gpus": null,
                    "auto_select_gpus": false,
                    "tpu_cores": null,
                    "ipus": null,
                    "log_gpu_memory": null,
                    "enable_progress_bar": true,
                    "overfit_batches": 0,
                    "track_grad_norm": "- 1,",
                    "check_val_every_n_epoch": 1,
                    "fast_dev_run": false,
                    "accumulate_grad_batches": 1,
                    "max_epochs": null,
                    "min_epochs": null,
                    "max_steps": -1,
                    "min_steps": null,
                    "max_time": null,
                    "limit_train_batches": 1,
                    "limit_val_batches": 1,
                    "limit_test_batches": 1,
                    "limit_predict_batches": 1,
                    "val_check_interval": 1,
                    "log_every_n_steps": 50,
                    "strategy": "ddp",
                    "sync_batchnorm": false,
                    "precision": 32,
                    "enable_model_summary": true,
                    "weights_summary": "top",
                    "weights_save_path": null,
                    "num_sanity_val_steps": 2,
                    "resume_from_checkpoint": null,
                    "profiler": null,
                    "benchmark": false,
                    "deterministic": false,
                    "reload_dataloaders_every_n_epochs": 0,
                    "auto_lr_find": false,
                    "replace_sampler_ddp": true,
                    "detect_anomaly": false,
                    "auto_scale_batch_size": false,
                    "plugins": null,
                    "amp_backend": "native",
                    "amp_level": null,
                    "move_metrics_to_cpu": false,
                    "multiple_trainloader_mode": "max_size_cycle",
                    "stochastic_weight_avg": false,
                    "terminate_on_nan": null
                },
                "_name": "lightning"
            },
            "config": {
                "save_dir": "test_cls",
                "data_path": "test_cls/processed_data.pkl"
            },
            "_name": "test_cls"
        }
    }
]
11/22/2021 03:35:46 - INFO - root - You have 1 training config(s), they all will be run.
11/22/2021 03:35:46 - INFO - root - Runing the 0th 392db0b8-4b02-11ec-9113-18c04d299e80...
11/22/2021 03:36:50 - INFO - root - [
    {
        "root": {
            "task": {
                "datamodule": {
                    "config": {
                        "pin_memory": null,
                        "collate_fn": "default",
                        "shuffle": {
                            "train": true,
                            "predict": false,
                            "valid": false,
                            "test": false,
                            "online": false
                        },
                        "key_type_pairs": {
                            "input_ids": "int"
                        },
                        "gen_mask": {
                            "input_ids": "attention_mask"
                        },
                        "key_padding_pairs": {
                            "input_ids": 0
                        },
                        "train_batch_size": 32,
                        "predict_batch_size": 32,
                        "online_batch_size": 1
                    },
                    "_name": "basic"
                },
                "imodel": {
                    "config": {},
                    "schedule": {
                        "config": {
                            "schedule_name": "linear_warmup,",
                            "schedule_config": {
                                "num_warmup_steps": 0.1
                            }
                        },
                        "_name": "basic"
                    },
                    "optimizer": {
                        "config": {
                            "optimizer_name": "adamw,",
                            "optimizer_config": {
                                "lr": 0.001,
                                "betas": [
                                    0.9,
                                    0.999
                                ],
                                "eps": 1e-06,
                                "weight_decay": 0.01
                            },
                            "optimizer_special_groups": [
                                [
                                    "bias & LayerNorm.bias & LayerNorm.weight",
                                    {
                                        "weight_decay": 0
                                    }
                                ]
                            ]
                        },
                        "_name": "basic"
                    },
                    "loss": {
                        "config": {
                            "task_name": "classification",
                            "weight": null,
                            "ignore_index": -1,
                            "label_smoothing": 0,
                            "pred_truth_pair": [],
                            "loss_scale": []
                        },
                        "_name": "cross_entropy"
                    },
                    "model": {
                        "config": {
                            "embedding_dim": 50,
                            "dropout": 0.1,
                            "embedding_file": "test_cls/processed_data.pkl",
                            "embedding_trace": "embedding"
                        },
                        "initmethod": {
                            "config": {
                                "range": 0.01
                            },
                            "_name": "range_norm,"
                        },
                        "encoder": {
                            "config": {
                                "return_logits": "encoder_logits",
                                "output_map": {},
                                "hidden_size": 50,
                                "input_size": 50,
                                "output_size": 50,
                                "num_layers": 1,
                                "dropout": 0.1
                            },
                            "module": {
                                "config": {
                                    "bidirectional": true,
                                    "hidden_size": 50,
                                    "input_size": 50,
                                    "proj_size": 50,
                                    "num_layers": 1,
                                    "dropout": 0.1,
                                    "dropout_last": true
                                },
                                "_name": "lstm"
                            },
                            "_name": "lstm"
                        },
                        "decoder": {
                            "config": {
                                "input_size": 50,
                                "output_size": 50,
                                "pool": null,
                                "dropout": 0.1,
                                "return_logits": "decoder_logits",
                                "output_map": {}
                            },
                            "module": {
                                "config": {
                                    "input_size": 50,
                                    "output_size": 50,
                                    "dropout": 0.1,
                                    "pool": null
                                },
                                "_name": "linear"
                            },
                            "_name": "linear"
                        },
                        "embedding": {
                            "config": {
                                "embedding_file": "test_cls/processed_data.pkl",
                                "embedding_dim": 50,
                                "embedding_trace": "embedding",
                                "freeze": false,
                                "dropout": 0.1,
                                "output_map": {},
                                "return_logits": "embedding_logits"
                            },
                            "_name": "static"
                        },
                        "_name": "basic"
                    },
                    "_name": "basic"
                },
                "_name": "test_cls"
            },
            "manager": {
                "config": {
                    "logger": true,
                    "enable_checkpointing": false,
                    "accelerator": null,
                    "default_root_dir": null,
                    "gradient_clip_val": null,
                    "gradient_clip_algorithm": null,
                    "num_nodes": 1,
                    "num_processes": 1,
                    "devices": null,
                    "gpus": null,
                    "auto_select_gpus": false,
                    "tpu_cores": null,
                    "ipus": null,
                    "log_gpu_memory": null,
                    "enable_progress_bar": true,
                    "overfit_batches": 0,
                    "track_grad_norm": "- 1,",
                    "check_val_every_n_epoch": 1,
                    "fast_dev_run": false,
                    "accumulate_grad_batches": 1,
                    "max_epochs": null,
                    "min_epochs": null,
                    "max_steps": -1,
                    "min_steps": null,
                    "max_time": null,
                    "limit_train_batches": 1,
                    "limit_val_batches": 1,
                    "limit_test_batches": 1,
                    "limit_predict_batches": 1,
                    "val_check_interval": 1,
                    "log_every_n_steps": 50,
                    "strategy": "ddp",
                    "sync_batchnorm": false,
                    "precision": 32,
                    "enable_model_summary": true,
                    "weights_summary": "top",
                    "weights_save_path": null,
                    "num_sanity_val_steps": 2,
                    "resume_from_checkpoint": null,
                    "profiler": null,
                    "benchmark": false,
                    "deterministic": false,
                    "reload_dataloaders_every_n_epochs": 0,
                    "auto_lr_find": false,
                    "replace_sampler_ddp": true,
                    "detect_anomaly": false,
                    "auto_scale_batch_size": false,
                    "plugins": null,
                    "amp_backend": "native",
                    "amp_level": null,
                    "move_metrics_to_cpu": false,
                    "multiple_trainloader_mode": "max_size_cycle",
                    "stochastic_weight_avg": false,
                    "terminate_on_nan": null
                },
                "_name": "lightning"
            },
            "config": {
                "save_dir": "test_cls",
                "data_path": "test_cls/processed_data.pkl"
            },
            "_name": "test_cls"
        }
    }
]
11/22/2021 03:36:52 - INFO - root - You have 1 training config(s), they all will be run.
11/22/2021 03:36:52 - INFO - root - Runing the 0th 60799f34-4b02-11ec-9d38-18c04d299e80...
11/22/2021 03:39:01 - ERROR - root - There is an error occur when loading dlkit/configures/managers/lightning
11/22/2021 03:39:22 - ERROR - root - There is an error occur when loading dlkit/configures/managers/lightning
11/22/2021 03:39:53 - INFO - root - [
    {
        "root": {
            "task": {
                "datamodule": {
                    "config": {
                        "pin_memory": null,
                        "collate_fn": "default",
                        "shuffle": {
                            "train": true,
                            "predict": false,
                            "valid": false,
                            "test": false,
                            "online": false
                        },
                        "key_type_pairs": {
                            "input_ids": "int"
                        },
                        "gen_mask": {
                            "input_ids": "attention_mask"
                        },
                        "key_padding_pairs": {
                            "input_ids": 0
                        },
                        "train_batch_size": 32,
                        "predict_batch_size": 32,
                        "online_batch_size": 1
                    },
                    "_name": "basic"
                },
                "imodel": {
                    "config": {},
                    "schedule": {
                        "config": {
                            "schedule_name": "linear_warmup,",
                            "schedule_config": {
                                "num_warmup_steps": 0.1
                            }
                        },
                        "_name": "basic"
                    },
                    "optimizer": {
                        "config": {
                            "optimizer_name": "adamw,",
                            "optimizer_config": {
                                "lr": 0.001,
                                "betas": [
                                    0.9,
                                    0.999
                                ],
                                "eps": 1e-06,
                                "weight_decay": 0.01
                            },
                            "optimizer_special_groups": [
                                [
                                    "bias & LayerNorm.bias & LayerNorm.weight",
                                    {
                                        "weight_decay": 0
                                    }
                                ]
                            ]
                        },
                        "_name": "basic"
                    },
                    "loss": {
                        "config": {
                            "task_name": "classification",
                            "weight": null,
                            "ignore_index": -1,
                            "label_smoothing": 0,
                            "pred_truth_pair": [],
                            "loss_scale": []
                        },
                        "_name": "cross_entropy"
                    },
                    "model": {
                        "config": {
                            "embedding_dim": 50,
                            "dropout": 0.1,
                            "embedding_file": "test_cls/processed_data.pkl",
                            "embedding_trace": "embedding"
                        },
                        "initmethod": {
                            "config": {
                                "range": 0.01
                            },
                            "_name": "range_norm,"
                        },
                        "encoder": {
                            "config": {
                                "return_logits": "encoder_logits",
                                "output_map": {},
                                "hidden_size": 50,
                                "input_size": 50,
                                "output_size": 50,
                                "num_layers": 1,
                                "dropout": 0.1
                            },
                            "module": {
                                "config": {
                                    "bidirectional": true,
                                    "hidden_size": 50,
                                    "input_size": 50,
                                    "proj_size": 50,
                                    "num_layers": 1,
                                    "dropout": 0.1,
                                    "dropout_last": true
                                },
                                "_name": "lstm"
                            },
                            "_name": "lstm"
                        },
                        "decoder": {
                            "config": {
                                "input_size": 50,
                                "output_size": 50,
                                "pool": null,
                                "dropout": 0.1,
                                "return_logits": "decoder_logits",
                                "output_map": {}
                            },
                            "module": {
                                "config": {
                                    "input_size": 50,
                                    "output_size": 50,
                                    "dropout": 0.1,
                                    "pool": null
                                },
                                "_name": "linear"
                            },
                            "_name": "linear"
                        },
                        "embedding": {
                            "config": {
                                "embedding_file": "test_cls/processed_data.pkl",
                                "embedding_dim": 50,
                                "embedding_trace": "embedding",
                                "freeze": false,
                                "dropout": 0.1,
                                "output_map": {},
                                "return_logits": "embedding_logits"
                            },
                            "_name": "static"
                        },
                        "_name": "basic"
                    },
                    "_name": "basic"
                },
                "manager": {
                    "config": {
                        "callbacks": [],
                        "logger": true,
                        "enable_checkpointing": false,
                        "accelerator": null,
                        "default_root_dir": null,
                        "gradient_clip_val": null,
                        "gradient_clip_algorithm": null,
                        "num_nodes": 1,
                        "num_processes": 1,
                        "devices": null,
                        "gpus": null,
                        "auto_select_gpus": false,
                        "tpu_cores": null,
                        "ipus": null,
                        "log_gpu_memory": null,
                        "enable_progress_bar": true,
                        "overfit_batches": 0,
                        "track_grad_norm": "- 1,",
                        "check_val_every_n_epoch": 1,
                        "fast_dev_run": false,
                        "accumulate_grad_batches": 1,
                        "max_epochs": null,
                        "min_epochs": null,
                        "max_steps": -1,
                        "min_steps": null,
                        "max_time": null,
                        "limit_train_batches": 1,
                        "limit_val_batches": 1,
                        "limit_test_batches": 1,
                        "limit_predict_batches": 1,
                        "val_check_interval": 1,
                        "log_every_n_steps": 50,
                        "strategy": "ddp",
                        "sync_batchnorm": false,
                        "precision": 32,
                        "enable_model_summary": true,
                        "weights_summary": "top",
                        "weights_save_path": null,
                        "num_sanity_val_steps": 2,
                        "resume_from_checkpoint": null,
                        "profiler": null,
                        "benchmark": false,
                        "deterministic": false,
                        "reload_dataloaders_every_n_epochs": 0,
                        "auto_lr_find": false,
                        "replace_sampler_ddp": true,
                        "detect_anomaly": false,
                        "auto_scale_batch_size": false,
                        "plugins": null,
                        "amp_backend": "native",
                        "amp_level": null,
                        "move_metrics_to_cpu": false,
                        "multiple_trainloader_mode": "max_size_cycle",
                        "stochastic_weight_avg": false,
                        "terminate_on_nan": null
                    },
                    "_name": "lightning"
                },
                "_name": "test_cls"
            },
            "config": {
                "save_dir": "test_cls",
                "data_path": "test_cls/processed_data.pkl"
            },
            "_name": "test_cls"
        }
    }
]
11/22/2021 03:39:55 - INFO - root - You have 1 training config(s), they all will be run.
11/22/2021 03:39:55 - INFO - root - Runing the 0th cd526ddc-4b02-11ec-8980-18c04d299e80...
11/22/2021 03:41:28 - INFO - root - [
    {
        "root": {
            "task": {
                "datamodule": {
                    "config": {
                        "pin_memory": null,
                        "collate_fn": "default",
                        "shuffle": {
                            "train": true,
                            "predict": false,
                            "valid": false,
                            "test": false,
                            "online": false
                        },
                        "key_type_pairs": {
                            "input_ids": "int"
                        },
                        "gen_mask": {
                            "input_ids": "attention_mask"
                        },
                        "key_padding_pairs": {
                            "input_ids": 0
                        },
                        "train_batch_size": 32,
                        "predict_batch_size": 32,
                        "online_batch_size": 1
                    },
                    "_name": "basic"
                },
                "imodel": {
                    "config": {},
                    "schedule": {
                        "config": {
                            "schedule_name": "linear_warmup,",
                            "schedule_config": {
                                "num_warmup_steps": 0.1
                            }
                        },
                        "_name": "basic"
                    },
                    "optimizer": {
                        "config": {
                            "optimizer_name": "adamw,",
                            "optimizer_config": {
                                "lr": 0.001,
                                "betas": [
                                    0.9,
                                    0.999
                                ],
                                "eps": 1e-06,
                                "weight_decay": 0.01
                            },
                            "optimizer_special_groups": [
                                [
                                    "bias & LayerNorm.bias & LayerNorm.weight",
                                    {
                                        "weight_decay": 0
                                    }
                                ]
                            ]
                        },
                        "_name": "basic"
                    },
                    "loss": {
                        "config": {
                            "task_name": "classification",
                            "weight": null,
                            "ignore_index": -1,
                            "label_smoothing": 0,
                            "pred_truth_pair": [],
                            "loss_scale": []
                        },
                        "_name": "cross_entropy"
                    },
                    "model": {
                        "config": {
                            "embedding_dim": 50,
                            "dropout": 0.1,
                            "embedding_file": "test_cls/processed_data.pkl",
                            "embedding_trace": "embedding"
                        },
                        "initmethod": {
                            "config": {
                                "range": 0.01
                            },
                            "_name": "range_norm,"
                        },
                        "encoder": {
                            "config": {
                                "return_logits": "encoder_logits",
                                "output_map": {},
                                "hidden_size": 50,
                                "input_size": 50,
                                "output_size": 50,
                                "num_layers": 1,
                                "dropout": 0.1
                            },
                            "module": {
                                "config": {
                                    "bidirectional": true,
                                    "hidden_size": 50,
                                    "input_size": 50,
                                    "proj_size": 50,
                                    "num_layers": 1,
                                    "dropout": 0.1,
                                    "dropout_last": true
                                },
                                "_name": "lstm"
                            },
                            "_name": "lstm"
                        },
                        "decoder": {
                            "config": {
                                "input_size": 50,
                                "output_size": 50,
                                "pool": null,
                                "dropout": 0.1,
                                "return_logits": "decoder_logits",
                                "output_map": {}
                            },
                            "module": {
                                "config": {
                                    "input_size": 50,
                                    "output_size": 50,
                                    "dropout": 0.1,
                                    "pool": null
                                },
                                "_name": "linear"
                            },
                            "_name": "linear"
                        },
                        "embedding": {
                            "config": {
                                "embedding_file": "test_cls/processed_data.pkl",
                                "embedding_dim": 50,
                                "embedding_trace": "embedding",
                                "freeze": false,
                                "dropout": 0.1,
                                "output_map": {},
                                "return_logits": "embedding_logits"
                            },
                            "_name": "static"
                        },
                        "_name": "basic"
                    },
                    "_name": "basic"
                },
                "manager": {
                    "config": {
                        "callbacks": [],
                        "logger": true,
                        "enable_checkpointing": false,
                        "accelerator": null,
                        "default_root_dir": null,
                        "gradient_clip_val": null,
                        "gradient_clip_algorithm": null,
                        "num_nodes": 1,
                        "num_processes": 1,
                        "devices": null,
                        "gpus": null,
                        "auto_select_gpus": false,
                        "tpu_cores": null,
                        "ipus": null,
                        "log_gpu_memory": null,
                        "enable_progress_bar": true,
                        "overfit_batches": 0,
                        "track_grad_norm": -1,
                        "check_val_every_n_epoch": 1,
                        "fast_dev_run": false,
                        "accumulate_grad_batches": 1,
                        "max_epochs": null,
                        "min_epochs": null,
                        "max_steps": -1,
                        "min_steps": null,
                        "max_time": null,
                        "limit_train_batches": 1,
                        "limit_val_batches": 1,
                        "limit_test_batches": 1,
                        "limit_predict_batches": 1,
                        "val_check_interval": 1,
                        "log_every_n_steps": 50,
                        "strategy": "ddp",
                        "sync_batchnorm": false,
                        "precision": 32,
                        "enable_model_summary": true,
                        "weights_summary": "top",
                        "weights_save_path": null,
                        "num_sanity_val_steps": 2,
                        "resume_from_checkpoint": null,
                        "profiler": null,
                        "benchmark": false,
                        "deterministic": false,
                        "reload_dataloaders_every_n_epochs": 0,
                        "auto_lr_find": false,
                        "replace_sampler_ddp": true,
                        "detect_anomaly": false,
                        "auto_scale_batch_size": false,
                        "plugins": null,
                        "amp_backend": "native",
                        "amp_level": null,
                        "move_metrics_to_cpu": false,
                        "multiple_trainloader_mode": "max_size_cycle",
                        "stochastic_weight_avg": false,
                        "terminate_on_nan": null
                    },
                    "_name": "lightning"
                },
                "_name": "test_cls"
            },
            "config": {
                "save_dir": "test_cls",
                "data_path": "test_cls/processed_data.pkl"
            },
            "_name": "test_cls"
        }
    }
]
11/22/2021 03:41:30 - INFO - root - You have 1 training config(s), they all will be run.
11/22/2021 03:41:30 - INFO - root - Runing the 0th 0626bf4c-4b03-11ec-801e-18c04d299e80...
11/22/2021 03:41:30 - INFO - pytorch_lightning.utilities.distributed - GPU available: False, used: False
11/22/2021 03:41:30 - INFO - pytorch_lightning.utilities.distributed - TPU available: False, using: 0 TPU cores
11/22/2021 03:41:30 - INFO - pytorch_lightning.utilities.distributed - IPU available: False, using: 0 IPUs
11/22/2021 03:42:42 - INFO - root - [
    {
        "root": {
            "task": {
                "datamodule": {
                    "config": {
                        "pin_memory": null,
                        "collate_fn": "default",
                        "shuffle": {
                            "train": true,
                            "predict": false,
                            "valid": false,
                            "test": false,
                            "online": false
                        },
                        "key_type_pairs": {
                            "input_ids": "int"
                        },
                        "gen_mask": {
                            "input_ids": "attention_mask"
                        },
                        "key_padding_pairs": {
                            "input_ids": 0
                        },
                        "train_batch_size": 32,
                        "predict_batch_size": 32,
                        "online_batch_size": 1
                    },
                    "_name": "basic"
                },
                "imodel": {
                    "config": {},
                    "schedule": {
                        "config": {
                            "schedule_name": "linear_warmup,",
                            "schedule_config": {
                                "num_warmup_steps": 0.1
                            }
                        },
                        "_name": "basic"
                    },
                    "optimizer": {
                        "config": {
                            "optimizer_name": "adamw,",
                            "optimizer_config": {
                                "lr": 0.001,
                                "betas": [
                                    0.9,
                                    0.999
                                ],
                                "eps": 1e-06,
                                "weight_decay": 0.01
                            },
                            "optimizer_special_groups": [
                                [
                                    "bias & LayerNorm.bias & LayerNorm.weight",
                                    {
                                        "weight_decay": 0
                                    }
                                ]
                            ]
                        },
                        "_name": "basic"
                    },
                    "loss": {
                        "config": {
                            "task_name": "classification",
                            "weight": null,
                            "ignore_index": -1,
                            "label_smoothing": 0,
                            "pred_truth_pair": [],
                            "loss_scale": []
                        },
                        "_name": "cross_entropy"
                    },
                    "model": {
                        "config": {
                            "embedding_dim": 50,
                            "dropout": 0.1,
                            "embedding_file": "test_cls/processed_data.pkl",
                            "embedding_trace": "embedding"
                        },
                        "initmethod": {
                            "config": {
                                "range": 0.01
                            },
                            "_name": "range_norm,"
                        },
                        "encoder": {
                            "config": {
                                "return_logits": "encoder_logits",
                                "output_map": {},
                                "hidden_size": 50,
                                "input_size": 50,
                                "output_size": 50,
                                "num_layers": 1,
                                "dropout": 0.1
                            },
                            "module": {
                                "config": {
                                    "bidirectional": true,
                                    "hidden_size": 50,
                                    "input_size": 50,
                                    "proj_size": 50,
                                    "num_layers": 1,
                                    "dropout": 0.1,
                                    "dropout_last": true
                                },
                                "_name": "lstm"
                            },
                            "_name": "lstm"
                        },
                        "decoder": {
                            "config": {
                                "input_size": 50,
                                "output_size": 50,
                                "pool": null,
                                "dropout": 0.1,
                                "return_logits": "decoder_logits",
                                "output_map": {}
                            },
                            "module": {
                                "config": {
                                    "input_size": 50,
                                    "output_size": 50,
                                    "dropout": 0.1,
                                    "pool": null
                                },
                                "_name": "linear"
                            },
                            "_name": "linear"
                        },
                        "embedding": {
                            "config": {
                                "embedding_file": "test_cls/processed_data.pkl",
                                "embedding_dim": 50,
                                "embedding_trace": "embedding",
                                "freeze": false,
                                "dropout": 0.1,
                                "output_map": {},
                                "return_logits": "embedding_logits"
                            },
                            "_name": "static"
                        },
                        "_name": "basic"
                    },
                    "_name": "basic"
                },
                "manager": {
                    "config": {
                        "callbacks": [],
                        "logger": true,
                        "enable_checkpointing": false,
                        "accelerator": null,
                        "default_root_dir": null,
                        "gradient_clip_val": null,
                        "gradient_clip_algorithm": null,
                        "num_nodes": 1,
                        "num_processes": 1,
                        "devices": null,
                        "gpus": null,
                        "auto_select_gpus": false,
                        "tpu_cores": null,
                        "ipus": null,
                        "log_gpu_memory": null,
                        "enable_progress_bar": true,
                        "overfit_batches": 0,
                        "track_grad_norm": -1,
                        "check_val_every_n_epoch": 1,
                        "fast_dev_run": false,
                        "accumulate_grad_batches": 1,
                        "max_epochs": null,
                        "min_epochs": null,
                        "max_steps": -1,
                        "min_steps": null,
                        "max_time": null,
                        "limit_train_batches": 1,
                        "limit_val_batches": 1,
                        "limit_test_batches": 1,
                        "limit_predict_batches": 1,
                        "val_check_interval": 1,
                        "log_every_n_steps": 50,
                        "strategy": "ddp",
                        "sync_batchnorm": false,
                        "precision": 32,
                        "enable_model_summary": true,
                        "weights_summary": "top",
                        "weights_save_path": null,
                        "num_sanity_val_steps": 2,
                        "resume_from_checkpoint": null,
                        "profiler": null,
                        "benchmark": false,
                        "deterministic": false,
                        "reload_dataloaders_every_n_epochs": 0,
                        "auto_lr_find": false,
                        "replace_sampler_ddp": true,
                        "detect_anomaly": false,
                        "auto_scale_batch_size": false,
                        "plugins": null,
                        "amp_backend": "native",
                        "amp_level": null,
                        "move_metrics_to_cpu": false,
                        "multiple_trainloader_mode": "max_size_cycle",
                        "stochastic_weight_avg": false,
                        "terminate_on_nan": null
                    },
                    "_name": "lightning"
                },
                "_name": "test_cls"
            },
            "config": {
                "save_dir": "test_cls",
                "data_path": "test_cls/processed_data.pkl"
            },
            "_name": "test_cls"
        }
    }
]
11/22/2021 03:42:44 - INFO - root - You have 1 training config(s), they all will be run.
11/22/2021 03:42:44 - INFO - root - Runing the 0th 3227b87a-4b03-11ec-9d3e-18c04d299e80...
11/22/2021 03:42:44 - INFO - pytorch_lightning.utilities.distributed - GPU available: False, used: False
11/22/2021 03:42:44 - INFO - pytorch_lightning.utilities.distributed - TPU available: False, using: 0 TPU cores
11/22/2021 03:42:44 - INFO - pytorch_lightning.utilities.distributed - IPU available: False, using: 0 IPUs
11/22/2021 03:44:03 - INFO - root - [
    {
        "root": {
            "task": {
                "datamodule": {
                    "config": {
                        "pin_memory": null,
                        "collate_fn": "default",
                        "shuffle": {
                            "train": true,
                            "predict": false,
                            "valid": false,
                            "test": false,
                            "online": false
                        },
                        "key_type_pairs": {
                            "input_ids": "int"
                        },
                        "gen_mask": {
                            "input_ids": "attention_mask"
                        },
                        "key_padding_pairs": {
                            "input_ids": 0
                        },
                        "train_batch_size": 32,
                        "predict_batch_size": 32,
                        "online_batch_size": 1
                    },
                    "_name": "basic"
                },
                "imodel": {
                    "config": {},
                    "schedule": {
                        "config": {
                            "schedule_name": "linear_warmup,",
                            "schedule_config": {
                                "num_warmup_steps": 0.1
                            }
                        },
                        "_name": "basic"
                    },
                    "optimizer": {
                        "config": {
                            "optimizer_name": "adamw,",
                            "optimizer_config": {
                                "lr": 0.001,
                                "betas": [
                                    0.9,
                                    0.999
                                ],
                                "eps": 1e-06,
                                "weight_decay": 0.01
                            },
                            "optimizer_special_groups": [
                                [
                                    "bias & LayerNorm.bias & LayerNorm.weight",
                                    {
                                        "weight_decay": 0
                                    }
                                ]
                            ]
                        },
                        "_name": "basic"
                    },
                    "loss": {
                        "config": {
                            "task_name": "classification",
                            "weight": null,
                            "ignore_index": -1,
                            "label_smoothing": 0,
                            "pred_truth_pair": [],
                            "loss_scale": []
                        },
                        "_name": "cross_entropy"
                    },
                    "model": {
                        "config": {
                            "embedding_dim": 50,
                            "dropout": 0.1,
                            "embedding_file": "test_cls/processed_data.pkl",
                            "embedding_trace": "embedding"
                        },
                        "initmethod": {
                            "config": {
                                "range": 0.01
                            },
                            "_name": "range_norm,"
                        },
                        "encoder": {
                            "config": {
                                "return_logits": "encoder_logits",
                                "output_map": {},
                                "hidden_size": 50,
                                "input_size": 50,
                                "output_size": 50,
                                "num_layers": 1,
                                "dropout": 0.1
                            },
                            "module": {
                                "config": {
                                    "bidirectional": true,
                                    "hidden_size": 50,
                                    "input_size": 50,
                                    "proj_size": 50,
                                    "num_layers": 1,
                                    "dropout": 0.1,
                                    "dropout_last": true
                                },
                                "_name": "lstm"
                            },
                            "_name": "lstm"
                        },
                        "decoder": {
                            "config": {
                                "input_size": 50,
                                "output_size": 50,
                                "pool": null,
                                "dropout": 0.1,
                                "return_logits": "decoder_logits",
                                "output_map": {}
                            },
                            "module": {
                                "config": {
                                    "input_size": 50,
                                    "output_size": 50,
                                    "dropout": 0.1,
                                    "pool": null
                                },
                                "_name": "linear"
                            },
                            "_name": "linear"
                        },
                        "embedding": {
                            "config": {
                                "embedding_file": "test_cls/processed_data.pkl",
                                "embedding_dim": 50,
                                "embedding_trace": "embedding",
                                "freeze": false,
                                "dropout": 0.1,
                                "output_map": {},
                                "return_logits": "embedding_logits"
                            },
                            "_name": "static"
                        },
                        "_name": "basic"
                    },
                    "_name": "basic"
                },
                "manager": {
                    "config": {
                        "callbacks": [],
                        "logger": true,
                        "enable_checkpointing": false,
                        "accelerator": null,
                        "default_root_dir": null,
                        "gradient_clip_val": null,
                        "gradient_clip_algorithm": null,
                        "num_nodes": 1,
                        "num_processes": 1,
                        "devices": null,
                        "gpus": null,
                        "auto_select_gpus": false,
                        "tpu_cores": null,
                        "ipus": null,
                        "log_gpu_memory": null,
                        "enable_progress_bar": true,
                        "overfit_batches": 0,
                        "track_grad_norm": -1,
                        "check_val_every_n_epoch": 1,
                        "fast_dev_run": false,
                        "accumulate_grad_batches": 1,
                        "max_epochs": null,
                        "min_epochs": null,
                        "max_steps": -1,
                        "min_steps": null,
                        "max_time": null,
                        "limit_train_batches": 1,
                        "limit_val_batches": 1,
                        "limit_test_batches": 1,
                        "limit_predict_batches": 1,
                        "val_check_interval": 1,
                        "log_every_n_steps": 50,
                        "strategy": "ddp",
                        "sync_batchnorm": false,
                        "precision": 32,
                        "enable_model_summary": true,
                        "weights_summary": "top",
                        "weights_save_path": null,
                        "num_sanity_val_steps": 2,
                        "resume_from_checkpoint": null,
                        "profiler": null,
                        "benchmark": false,
                        "deterministic": false,
                        "reload_dataloaders_every_n_epochs": 0,
                        "auto_lr_find": false,
                        "replace_sampler_ddp": true,
                        "detect_anomaly": false,
                        "auto_scale_batch_size": false,
                        "plugins": null,
                        "amp_backend": "native",
                        "amp_level": null,
                        "move_metrics_to_cpu": false,
                        "multiple_trainloader_mode": "max_size_cycle",
                        "stochastic_weight_avg": false,
                        "terminate_on_nan": null
                    },
                    "_name": "lightning"
                },
                "_name": "test_cls"
            },
            "config": {
                "save_dir": "test_cls",
                "data_path": "test_cls/processed_data.pkl"
            },
            "_name": "test_cls"
        }
    }
]
11/22/2021 03:44:05 - INFO - root - You have 1 training config(s), they all will be run.
11/22/2021 03:44:05 - INFO - root - Runing the 0th 627cfc62-4b03-11ec-8530-18c04d299e80...
11/22/2021 03:44:05 - INFO - pytorch_lightning.utilities.distributed - GPU available: False, used: False
11/22/2021 03:44:05 - INFO - pytorch_lightning.utilities.distributed - TPU available: False, using: 0 TPU cores
11/22/2021 03:44:05 - INFO - pytorch_lightning.utilities.distributed - IPU available: False, using: 0 IPUs
11/22/2021 03:51:39 - INFO - root - [
    {
        "root": {
            "task": {
                "datamodule": {
                    "config": {
                        "pin_memory": null,
                        "collate_fn": "default",
                        "shuffle": {
                            "train": true,
                            "predict": false,
                            "valid": false,
                            "test": false,
                            "online": false
                        },
                        "key_type_pairs": {
                            "input_ids": "int"
                        },
                        "gen_mask": {
                            "input_ids": "attention_mask"
                        },
                        "key_padding_pairs": {
                            "input_ids": 0
                        },
                        "train_batch_size": 32,
                        "predict_batch_size": 32,
                        "online_batch_size": 1
                    },
                    "_name": "basic"
                },
                "imodel": {
                    "config": {},
                    "schedule": {
                        "config": {
                            "schedule_name": "linear_warmup,",
                            "schedule_config": {
                                "num_warmup_steps": 0.1
                            }
                        },
                        "_name": "basic"
                    },
                    "optimizer": {
                        "config": {
                            "optimizer_name": "adamw,",
                            "optimizer_config": {
                                "lr": 0.001,
                                "betas": [
                                    0.9,
                                    0.999
                                ],
                                "eps": 1e-06,
                                "weight_decay": 0.01
                            },
                            "optimizer_special_groups": [
                                [
                                    "bias & LayerNorm.bias & LayerNorm.weight",
                                    {
                                        "weight_decay": 0
                                    }
                                ]
                            ]
                        },
                        "_name": "basic"
                    },
                    "loss": {
                        "config": {
                            "task_name": "classification",
                            "weight": null,
                            "ignore_index": -1,
                            "label_smoothing": 0,
                            "pred_truth_pair": [],
                            "loss_scale": []
                        },
                        "_name": "cross_entropy"
                    },
                    "model": {
                        "config": {
                            "embedding_dim": 50,
                            "dropout": 0.1,
                            "embedding_file": "test_cls/processed_data.pkl",
                            "embedding_trace": "token_embedding"
                        },
                        "initmethod": {
                            "config": {
                                "range": 0.01
                            },
                            "_name": "range_norm,"
                        },
                        "encoder": {
                            "config": {
                                "return_logits": "encoder_logits",
                                "output_map": {},
                                "hidden_size": 50,
                                "input_size": 50,
                                "output_size": 50,
                                "num_layers": 1,
                                "dropout": 0.1
                            },
                            "module": {
                                "config": {
                                    "bidirectional": true,
                                    "hidden_size": 50,
                                    "input_size": 50,
                                    "proj_size": 50,
                                    "num_layers": 1,
                                    "dropout": 0.1,
                                    "dropout_last": true
                                },
                                "_name": "lstm"
                            },
                            "_name": "lstm"
                        },
                        "decoder": {
                            "config": {
                                "input_size": 50,
                                "output_size": 50,
                                "pool": null,
                                "dropout": 0.1,
                                "return_logits": "decoder_logits",
                                "output_map": {}
                            },
                            "module": {
                                "config": {
                                    "input_size": 50,
                                    "output_size": 50,
                                    "dropout": 0.1,
                                    "pool": null
                                },
                                "_name": "linear"
                            },
                            "_name": "linear"
                        },
                        "embedding": {
                            "config": {
                                "embedding_file": "test_cls/processed_data.pkl",
                                "embedding_dim": 50,
                                "embedding_trace": "token_embedding",
                                "freeze": false,
                                "dropout": 0.1,
                                "output_map": {},
                                "return_logits": "embedding_logits"
                            },
                            "_name": "static"
                        },
                        "_name": "basic"
                    },
                    "_name": "basic"
                },
                "manager": {
                    "config": {
                        "callbacks": [],
                        "logger": true,
                        "enable_checkpointing": false,
                        "accelerator": null,
                        "default_root_dir": null,
                        "gradient_clip_val": null,
                        "gradient_clip_algorithm": null,
                        "num_nodes": 1,
                        "num_processes": 1,
                        "devices": null,
                        "gpus": null,
                        "auto_select_gpus": false,
                        "tpu_cores": null,
                        "ipus": null,
                        "log_gpu_memory": null,
                        "enable_progress_bar": true,
                        "overfit_batches": 0,
                        "track_grad_norm": -1,
                        "check_val_every_n_epoch": 1,
                        "fast_dev_run": false,
                        "accumulate_grad_batches": 1,
                        "max_epochs": null,
                        "min_epochs": null,
                        "max_steps": -1,
                        "min_steps": null,
                        "max_time": null,
                        "limit_train_batches": 1,
                        "limit_val_batches": 1,
                        "limit_test_batches": 1,
                        "limit_predict_batches": 1,
                        "val_check_interval": 1,
                        "log_every_n_steps": 50,
                        "strategy": "ddp",
                        "sync_batchnorm": false,
                        "precision": 32,
                        "enable_model_summary": true,
                        "weights_summary": "top",
                        "weights_save_path": null,
                        "num_sanity_val_steps": 2,
                        "resume_from_checkpoint": null,
                        "profiler": null,
                        "benchmark": false,
                        "deterministic": false,
                        "reload_dataloaders_every_n_epochs": 0,
                        "auto_lr_find": false,
                        "replace_sampler_ddp": true,
                        "detect_anomaly": false,
                        "auto_scale_batch_size": false,
                        "plugins": null,
                        "amp_backend": "native",
                        "amp_level": null,
                        "move_metrics_to_cpu": false,
                        "multiple_trainloader_mode": "max_size_cycle",
                        "stochastic_weight_avg": false,
                        "terminate_on_nan": null
                    },
                    "_name": "lightning"
                },
                "_name": "test_cls"
            },
            "config": {
                "save_dir": "test_cls",
                "data_path": "test_cls/processed_data.pkl"
            },
            "_name": "test_cls"
        }
    }
]
11/22/2021 03:51:40 - INFO - root - You have 1 training config(s), they all will be run.
11/22/2021 03:51:40 - INFO - root - Runing the 0th 71df007e-4b04-11ec-92cc-18c04d299e80...
11/22/2021 03:51:40 - INFO - pytorch_lightning.utilities.distributed - GPU available: False, used: False
11/22/2021 03:51:40 - INFO - pytorch_lightning.utilities.distributed - TPU available: False, using: 0 TPU cores
11/22/2021 03:51:40 - INFO - pytorch_lightning.utilities.distributed - IPU available: False, using: 0 IPUs
11/22/2021 03:53:00 - INFO - root - [
    {
        "root": {
            "task": {
                "datamodule": {
                    "config": {
                        "pin_memory": null,
                        "collate_fn": "default",
                        "shuffle": {
                            "train": true,
                            "predict": false,
                            "valid": false,
                            "test": false,
                            "online": false
                        },
                        "key_type_pairs": {
                            "input_ids": "int"
                        },
                        "gen_mask": {
                            "input_ids": "attention_mask"
                        },
                        "key_padding_pairs": {
                            "input_ids": 0
                        },
                        "train_batch_size": 32,
                        "predict_batch_size": 32,
                        "online_batch_size": 1
                    },
                    "_name": "basic"
                },
                "imodel": {
                    "config": {},
                    "schedule": {
                        "config": {
                            "schedule_name": "linear_warmup,",
                            "schedule_config": {
                                "num_warmup_steps": 0.1
                            }
                        },
                        "_name": "basic"
                    },
                    "optimizer": {
                        "config": {
                            "optimizer_name": "adamw,",
                            "optimizer_config": {
                                "lr": 0.001,
                                "betas": [
                                    0.9,
                                    0.999
                                ],
                                "eps": 1e-06,
                                "weight_decay": 0.01
                            },
                            "optimizer_special_groups": [
                                [
                                    "bias & LayerNorm.bias & LayerNorm.weight",
                                    {
                                        "weight_decay": 0
                                    }
                                ]
                            ]
                        },
                        "_name": "basic"
                    },
                    "loss": {
                        "config": {
                            "task_name": "classification",
                            "weight": null,
                            "ignore_index": -1,
                            "label_smoothing": 0,
                            "pred_truth_pair": [],
                            "loss_scale": []
                        },
                        "_name": "cross_entropy"
                    },
                    "model": {
                        "config": {
                            "embedding_dim": 50,
                            "dropout": 0.1,
                            "embedding_file": "test_cls/processed_data.pkl",
                            "embedding_trace": "token_embedding"
                        },
                        "initmethod": {
                            "config": {
                                "range": 0.01
                            },
                            "_name": "range_norm,"
                        },
                        "encoder": {
                            "config": {
                                "return_logits": "encoder_logits",
                                "output_map": {},
                                "hidden_size": 50,
                                "input_size": 50,
                                "output_size": 50,
                                "num_layers": 1,
                                "dropout": 0.1
                            },
                            "module": {
                                "config": {
                                    "bidirectional": true,
                                    "hidden_size": 50,
                                    "input_size": 50,
                                    "proj_size": 50,
                                    "num_layers": 1,
                                    "dropout": 0.1,
                                    "dropout_last": true
                                },
                                "_name": "lstm"
                            },
                            "_name": "lstm"
                        },
                        "decoder": {
                            "config": {
                                "input_size": 50,
                                "output_size": 50,
                                "pool": null,
                                "dropout": 0.1,
                                "return_logits": "decoder_logits",
                                "output_map": {}
                            },
                            "module": {
                                "config": {
                                    "input_size": 50,
                                    "output_size": 50,
                                    "dropout": 0.1,
                                    "pool": null
                                },
                                "_name": "linear"
                            },
                            "_name": "linear"
                        },
                        "embedding": {
                            "config": {
                                "embedding_file": "test_cls/processed_data.pkl",
                                "embedding_dim": 50,
                                "embedding_trace": "token_embedding",
                                "freeze": false,
                                "dropout": 0.1,
                                "output_map": {},
                                "return_logits": "embedding_logits"
                            },
                            "_name": "static"
                        },
                        "_name": "basic"
                    },
                    "_name": "basic"
                },
                "manager": {
                    "config": {
                        "callbacks": [],
                        "logger": true,
                        "enable_checkpointing": false,
                        "accelerator": null,
                        "default_root_dir": null,
                        "gradient_clip_val": null,
                        "gradient_clip_algorithm": null,
                        "num_nodes": 1,
                        "num_processes": 1,
                        "devices": null,
                        "gpus": null,
                        "auto_select_gpus": false,
                        "tpu_cores": null,
                        "ipus": null,
                        "log_gpu_memory": null,
                        "enable_progress_bar": true,
                        "overfit_batches": 0,
                        "track_grad_norm": -1,
                        "check_val_every_n_epoch": 1,
                        "fast_dev_run": false,
                        "accumulate_grad_batches": 1,
                        "max_epochs": null,
                        "min_epochs": null,
                        "max_steps": -1,
                        "min_steps": null,
                        "max_time": null,
                        "limit_train_batches": 1,
                        "limit_val_batches": 1,
                        "limit_test_batches": 1,
                        "limit_predict_batches": 1,
                        "val_check_interval": 1,
                        "log_every_n_steps": 50,
                        "strategy": "ddp",
                        "sync_batchnorm": false,
                        "precision": 32,
                        "enable_model_summary": true,
                        "weights_summary": "top",
                        "weights_save_path": null,
                        "num_sanity_val_steps": 2,
                        "resume_from_checkpoint": null,
                        "profiler": null,
                        "benchmark": false,
                        "deterministic": false,
                        "reload_dataloaders_every_n_epochs": 0,
                        "auto_lr_find": false,
                        "replace_sampler_ddp": true,
                        "detect_anomaly": false,
                        "auto_scale_batch_size": false,
                        "plugins": null,
                        "amp_backend": "native",
                        "amp_level": null,
                        "move_metrics_to_cpu": false,
                        "multiple_trainloader_mode": "max_size_cycle",
                        "stochastic_weight_avg": false,
                        "terminate_on_nan": null
                    },
                    "_name": "lightning"
                },
                "_name": "test_cls"
            },
            "config": {
                "save_dir": "test_cls",
                "data_path": "test_cls/processed_data.pkl"
            },
            "_name": "test_cls"
        }
    }
]
11/22/2021 03:53:02 - INFO - root - You have 1 training config(s), they all will be run.
11/22/2021 03:53:02 - INFO - root - Runing the 0th a2a4f1ee-4b04-11ec-a2c6-18c04d299e80...
11/22/2021 03:53:02 - INFO - pytorch_lightning.utilities.distributed - GPU available: False, used: False
11/22/2021 03:53:02 - INFO - pytorch_lightning.utilities.distributed - TPU available: False, using: 0 TPU cores
11/22/2021 03:53:02 - INFO - pytorch_lightning.utilities.distributed - IPU available: False, using: 0 IPUs
11/22/2021 03:56:52 - INFO - root - [
    {
        "root": {
            "task": {
                "datamodule": {
                    "config": {
                        "pin_memory": null,
                        "collate_fn": "default",
                        "shuffle": {
                            "train": true,
                            "predict": false,
                            "valid": false,
                            "test": false,
                            "online": false
                        },
                        "key_type_pairs": {
                            "input_ids": "int"
                        },
                        "gen_mask": {
                            "input_ids": "attention_mask"
                        },
                        "key_padding_pairs": {
                            "input_ids": 0
                        },
                        "train_batch_size": 32,
                        "predict_batch_size": 32,
                        "online_batch_size": 1
                    },
                    "_name": "basic"
                },
                "imodel": {
                    "config": {},
                    "schedule": {
                        "config": {
                            "schedule_name": "linear_warmup,",
                            "schedule_config": {
                                "num_warmup_steps": 0.1
                            }
                        },
                        "_name": "basic"
                    },
                    "optimizer": {
                        "config": {
                            "optimizer_name": "adamw,",
                            "optimizer_config": {
                                "lr": 0.001,
                                "betas": [
                                    0.9,
                                    0.999
                                ],
                                "eps": 1e-06,
                                "weight_decay": 0.01
                            },
                            "optimizer_special_groups": [
                                [
                                    "bias & LayerNorm.bias & LayerNorm.weight",
                                    {
                                        "weight_decay": 0
                                    }
                                ]
                            ]
                        },
                        "_name": "basic"
                    },
                    "loss": {
                        "config": {
                            "task_name": "classification",
                            "weight": null,
                            "ignore_index": -1,
                            "label_smoothing": 0,
                            "pred_truth_pair": [],
                            "loss_scale": []
                        },
                        "_name": "cross_entropy"
                    },
                    "model": {
                        "config": {
                            "embedding_dim": 50,
                            "dropout": 0.1,
                            "embedding_file": "test_cls/processed_data.pkl",
                            "embedding_trace": "token_embedding"
                        },
                        "initmethod": {
                            "config": {
                                "range": 0.01
                            },
                            "_name": "range_norm,"
                        },
                        "encoder": {
                            "config": {
                                "return_logits": "encoder_logits",
                                "output_map": {},
                                "hidden_size": 50,
                                "input_size": 50,
                                "output_size": 50,
                                "num_layers": 1,
                                "dropout": 0.1
                            },
                            "module": {
                                "config": {
                                    "bidirectional": true,
                                    "hidden_size": 50,
                                    "input_size": 50,
                                    "proj_size": 50,
                                    "num_layers": 1,
                                    "dropout": 0.1,
                                    "dropout_last": true
                                },
                                "_name": "lstm"
                            },
                            "_name": "lstm"
                        },
                        "decoder": {
                            "config": {
                                "input_size": 50,
                                "output_size": 50,
                                "pool": null,
                                "dropout": 0.1,
                                "return_logits": "decoder_logits",
                                "output_map": {}
                            },
                            "module": {
                                "config": {
                                    "input_size": 50,
                                    "output_size": 50,
                                    "dropout": 0.1,
                                    "pool": null
                                },
                                "_name": "linear"
                            },
                            "_name": "linear"
                        },
                        "embedding": {
                            "config": {
                                "embedding_file": "test_cls/processed_data.pkl",
                                "embedding_dim": 50,
                                "embedding_trace": "token_embedding",
                                "freeze": false,
                                "dropout": 0.1,
                                "output_map": {},
                                "return_logits": "embedding_logits"
                            },
                            "_name": "static"
                        },
                        "_name": "basic"
                    },
                    "_name": "basic"
                },
                "manager": {
                    "config": {
                        "callbacks": [],
                        "logger": true,
                        "enable_checkpointing": false,
                        "accelerator": null,
                        "default_root_dir": null,
                        "gradient_clip_val": null,
                        "gradient_clip_algorithm": null,
                        "num_nodes": 1,
                        "num_processes": 1,
                        "devices": null,
                        "gpus": null,
                        "auto_select_gpus": false,
                        "tpu_cores": null,
                        "ipus": null,
                        "log_gpu_memory": null,
                        "enable_progress_bar": true,
                        "overfit_batches": 0,
                        "track_grad_norm": -1,
                        "check_val_every_n_epoch": 1,
                        "fast_dev_run": false,
                        "accumulate_grad_batches": 1,
                        "max_epochs": null,
                        "min_epochs": null,
                        "max_steps": -1,
                        "min_steps": null,
                        "max_time": null,
                        "limit_train_batches": 1,
                        "limit_val_batches": 1,
                        "limit_test_batches": 1,
                        "limit_predict_batches": 1,
                        "val_check_interval": 1,
                        "log_every_n_steps": 50,
                        "strategy": "ddp",
                        "sync_batchnorm": false,
                        "precision": 32,
                        "enable_model_summary": true,
                        "weights_summary": "top",
                        "weights_save_path": null,
                        "num_sanity_val_steps": 2,
                        "resume_from_checkpoint": null,
                        "profiler": null,
                        "benchmark": false,
                        "deterministic": false,
                        "reload_dataloaders_every_n_epochs": 0,
                        "auto_lr_find": false,
                        "replace_sampler_ddp": true,
                        "detect_anomaly": false,
                        "auto_scale_batch_size": false,
                        "plugins": null,
                        "amp_backend": "native",
                        "amp_level": null,
                        "move_metrics_to_cpu": false,
                        "multiple_trainloader_mode": "max_size_cycle",
                        "stochastic_weight_avg": false,
                        "terminate_on_nan": null
                    },
                    "_name": "lightning"
                },
                "_name": "test_cls"
            },
            "config": {
                "save_dir": "test_cls",
                "data_path": "test_cls/processed_data.pkl"
            },
            "_name": "test_cls"
        }
    }
]
11/22/2021 03:56:53 - INFO - root - You have 1 training config(s), they all will be run.
11/22/2021 03:56:53 - INFO - root - Runing the 0th 2c82330a-4b05-11ec-b589-18c04d299e80...
11/22/2021 03:56:53 - INFO - pytorch_lightning.utilities.distributed - GPU available: False, used: False
11/22/2021 03:56:53 - INFO - pytorch_lightning.utilities.distributed - TPU available: False, using: 0 TPU cores
11/22/2021 03:56:53 - INFO - pytorch_lightning.utilities.distributed - IPU available: False, using: 0 IPUs
11/22/2021 03:59:36 - INFO - root - [
    {
        "root": {
            "task": {
                "datamodule": {
                    "config": {
                        "pin_memory": null,
                        "collate_fn": "default",
                        "shuffle": {
                            "train": true,
                            "predict": false,
                            "valid": false,
                            "test": false,
                            "online": false
                        },
                        "key_type_pairs": {
                            "input_ids": "int"
                        },
                        "gen_mask": {
                            "input_ids": "attention_mask"
                        },
                        "key_padding_pairs": {
                            "input_ids": 0
                        },
                        "train_batch_size": 32,
                        "predict_batch_size": 32,
                        "online_batch_size": 1
                    },
                    "_name": "basic"
                },
                "imodel": {
                    "config": {},
                    "schedule": {
                        "config": {
                            "schedule_name": "linear_warmup,",
                            "schedule_config": {
                                "num_warmup_steps": 0.1
                            }
                        },
                        "_name": "basic"
                    },
                    "optimizer": {
                        "config": {
                            "optimizer_name": "adamw,",
                            "optimizer_config": {
                                "lr": 0.001,
                                "betas": [
                                    0.9,
                                    0.999
                                ],
                                "eps": 1e-06,
                                "weight_decay": 0.01
                            },
                            "optimizer_special_groups": [
                                [
                                    "bias & LayerNorm.bias & LayerNorm.weight",
                                    {
                                        "weight_decay": 0
                                    }
                                ]
                            ]
                        },
                        "_name": "basic"
                    },
                    "loss": {
                        "config": {
                            "task_name": "classification",
                            "weight": null,
                            "ignore_index": -1,
                            "label_smoothing": 0,
                            "pred_truth_pair": [],
                            "loss_scale": []
                        },
                        "_name": "cross_entropy"
                    },
                    "model": {
                        "config": {
                            "embedding_dim": 50,
                            "dropout": 0.1,
                            "embedding_file": "test_cls/processed_data.pkl",
                            "embedding_trace": "token_embedding"
                        },
                        "initmethod": {
                            "config": {
                                "range": 0.01
                            },
                            "_name": "range_norm,"
                        },
                        "encoder": {
                            "config": {
                                "return_logits": "encoder_logits",
                                "output_map": {},
                                "hidden_size": 50,
                                "input_size": 50,
                                "output_size": 50,
                                "num_layers": 1,
                                "dropout": 0.1
                            },
                            "module": {
                                "config": {
                                    "bidirectional": true,
                                    "hidden_size": 50,
                                    "input_size": 50,
                                    "proj_size": 50,
                                    "num_layers": 1,
                                    "dropout": 0.1,
                                    "dropout_last": true
                                },
                                "_name": "lstm"
                            },
                            "_name": "lstm"
                        },
                        "decoder": {
                            "config": {
                                "input_size": 50,
                                "output_size": 50,
                                "pool": null,
                                "dropout": 0.1,
                                "return_logits": "decoder_logits",
                                "output_map": {}
                            },
                            "module": {
                                "config": {
                                    "input_size": 50,
                                    "output_size": 50,
                                    "dropout": 0.1,
                                    "pool": null
                                },
                                "_name": "linear"
                            },
                            "_name": "linear"
                        },
                        "embedding": {
                            "config": {
                                "embedding_file": "test_cls/processed_data.pkl",
                                "embedding_dim": 50,
                                "embedding_trace": "token_embedding",
                                "freeze": false,
                                "dropout": 0.1,
                                "output_map": {},
                                "return_logits": "embedding_logits"
                            },
                            "_name": "static"
                        },
                        "_name": "basic"
                    },
                    "_name": "basic"
                },
                "manager": {
                    "config": {
                        "callbacks": [],
                        "logger": true,
                        "enable_checkpointing": false,
                        "accelerator": null,
                        "default_root_dir": null,
                        "gradient_clip_val": null,
                        "gradient_clip_algorithm": null,
                        "num_nodes": 1,
                        "num_processes": 1,
                        "devices": null,
                        "gpus": null,
                        "auto_select_gpus": false,
                        "tpu_cores": null,
                        "ipus": null,
                        "log_gpu_memory": null,
                        "enable_progress_bar": true,
                        "overfit_batches": 0,
                        "track_grad_norm": -1,
                        "check_val_every_n_epoch": 1,
                        "fast_dev_run": false,
                        "accumulate_grad_batches": 1,
                        "max_epochs": null,
                        "min_epochs": null,
                        "max_steps": -1,
                        "min_steps": null,
                        "max_time": null,
                        "limit_train_batches": 1,
                        "limit_val_batches": 1,
                        "limit_test_batches": 1,
                        "limit_predict_batches": 1,
                        "val_check_interval": 1,
                        "log_every_n_steps": 50,
                        "strategy": "ddp",
                        "sync_batchnorm": false,
                        "precision": 32,
                        "enable_model_summary": true,
                        "weights_summary": "top",
                        "weights_save_path": null,
                        "num_sanity_val_steps": 2,
                        "resume_from_checkpoint": null,
                        "profiler": null,
                        "benchmark": false,
                        "deterministic": false,
                        "reload_dataloaders_every_n_epochs": 0,
                        "auto_lr_find": false,
                        "replace_sampler_ddp": true,
                        "detect_anomaly": false,
                        "auto_scale_batch_size": false,
                        "plugins": null,
                        "amp_backend": "native",
                        "amp_level": null,
                        "move_metrics_to_cpu": false,
                        "multiple_trainloader_mode": "max_size_cycle",
                        "stochastic_weight_avg": false,
                        "terminate_on_nan": null
                    },
                    "_name": "lightning"
                },
                "_name": "test_cls"
            },
            "config": {
                "save_dir": "test_cls",
                "data_path": "test_cls/processed_data.pkl"
            },
            "_name": "test_cls"
        }
    }
]
11/22/2021 03:59:38 - INFO - root - You have 1 training config(s), they all will be run.
11/22/2021 03:59:38 - INFO - root - Runing the 0th 8e91373a-4b05-11ec-9581-18c04d299e80...
11/22/2021 03:59:38 - INFO - pytorch_lightning.utilities.distributed - GPU available: False, used: False
11/22/2021 03:59:38 - INFO - pytorch_lightning.utilities.distributed - TPU available: False, using: 0 TPU cores
11/22/2021 03:59:38 - INFO - pytorch_lightning.utilities.distributed - IPU available: False, using: 0 IPUs
11/22/2021 04:00:15 - INFO - root - [
    {
        "root": {
            "task": {
                "datamodule": {
                    "config": {
                        "pin_memory": null,
                        "collate_fn": "default",
                        "shuffle": {
                            "train": true,
                            "predict": false,
                            "valid": false,
                            "test": false,
                            "online": false
                        },
                        "key_type_pairs": {
                            "input_ids": "int"
                        },
                        "gen_mask": {
                            "input_ids": "attention_mask"
                        },
                        "key_padding_pairs": {
                            "input_ids": 0
                        },
                        "train_batch_size": 32,
                        "predict_batch_size": 32,
                        "online_batch_size": 1
                    },
                    "_name": "basic"
                },
                "imodel": {
                    "config": {},
                    "schedule": {
                        "config": {
                            "schedule_name": "linear_warmup,",
                            "schedule_config": {
                                "num_warmup_steps": 0.1
                            }
                        },
                        "_name": "basic"
                    },
                    "optimizer": {
                        "config": {
                            "optimizer_name": "adamw,",
                            "optimizer_config": {
                                "lr": 0.001,
                                "betas": [
                                    0.9,
                                    0.999
                                ],
                                "eps": 1e-06,
                                "weight_decay": 0.01
                            },
                            "optimizer_special_groups": [
                                [
                                    "bias & LayerNorm.bias & LayerNorm.weight",
                                    {
                                        "weight_decay": 0
                                    }
                                ]
                            ]
                        },
                        "_name": "basic"
                    },
                    "loss": {
                        "config": {
                            "task_name": "classification",
                            "weight": null,
                            "ignore_index": -1,
                            "label_smoothing": 0,
                            "pred_truth_pair": [],
                            "loss_scale": []
                        },
                        "_name": "cross_entropy"
                    },
                    "model": {
                        "config": {
                            "embedding_dim": 50,
                            "dropout": 0.1,
                            "embedding_file": "test_cls/processed_data.pkl",
                            "embedding_trace": "token_embedding"
                        },
                        "initmethod": {
                            "config": {
                                "range": 0.01
                            },
                            "_name": "range_norm,"
                        },
                        "encoder": {
                            "config": {
                                "return_logits": "encoder_logits",
                                "output_map": {},
                                "hidden_size": 50,
                                "input_size": 50,
                                "output_size": 50,
                                "num_layers": 1,
                                "dropout": 0.1
                            },
                            "module": {
                                "config": {
                                    "bidirectional": true,
                                    "hidden_size": 50,
                                    "input_size": 50,
                                    "proj_size": 50,
                                    "num_layers": 1,
                                    "dropout": 0.1,
                                    "dropout_last": true
                                },
                                "_name": "lstm"
                            },
                            "_name": "lstm"
                        },
                        "decoder": {
                            "config": {
                                "input_size": 50,
                                "output_size": 50,
                                "pool": null,
                                "dropout": 0.1,
                                "return_logits": "decoder_logits",
                                "output_map": {}
                            },
                            "module": {
                                "config": {
                                    "input_size": 50,
                                    "output_size": 50,
                                    "dropout": 0.1,
                                    "pool": null
                                },
                                "_name": "linear"
                            },
                            "_name": "linear"
                        },
                        "embedding": {
                            "config": {
                                "embedding_file": "test_cls/processed_data.pkl",
                                "embedding_dim": 50,
                                "embedding_trace": "token_embedding",
                                "freeze": false,
                                "dropout": 0.1,
                                "output_map": {},
                                "return_logits": "embedding_logits"
                            },
                            "_name": "static"
                        },
                        "_name": "basic"
                    },
                    "_name": "basic"
                },
                "manager": {
                    "config": {
                        "callbacks": [],
                        "logger": true,
                        "enable_checkpointing": false,
                        "accelerator": null,
                        "default_root_dir": null,
                        "gradient_clip_val": null,
                        "gradient_clip_algorithm": null,
                        "num_nodes": 1,
                        "num_processes": 1,
                        "devices": null,
                        "gpus": null,
                        "auto_select_gpus": false,
                        "tpu_cores": null,
                        "ipus": null,
                        "log_gpu_memory": null,
                        "enable_progress_bar": true,
                        "overfit_batches": 0,
                        "track_grad_norm": -1,
                        "check_val_every_n_epoch": 1,
                        "fast_dev_run": false,
                        "accumulate_grad_batches": 1,
                        "max_epochs": null,
                        "min_epochs": null,
                        "max_steps": -1,
                        "min_steps": null,
                        "max_time": null,
                        "limit_train_batches": 1,
                        "limit_val_batches": 1,
                        "limit_test_batches": 1,
                        "limit_predict_batches": 1,
                        "val_check_interval": 1,
                        "log_every_n_steps": 50,
                        "strategy": "ddp",
                        "sync_batchnorm": false,
                        "precision": 32,
                        "enable_model_summary": true,
                        "weights_summary": "top",
                        "weights_save_path": null,
                        "num_sanity_val_steps": 2,
                        "resume_from_checkpoint": null,
                        "profiler": null,
                        "benchmark": false,
                        "deterministic": false,
                        "reload_dataloaders_every_n_epochs": 0,
                        "auto_lr_find": false,
                        "replace_sampler_ddp": true,
                        "detect_anomaly": false,
                        "auto_scale_batch_size": false,
                        "plugins": null,
                        "amp_backend": "native",
                        "amp_level": null,
                        "move_metrics_to_cpu": false,
                        "multiple_trainloader_mode": "max_size_cycle",
                        "stochastic_weight_avg": false,
                        "terminate_on_nan": null
                    },
                    "_name": "lightning"
                },
                "_name": "test_cls"
            },
            "config": {
                "save_dir": "test_cls",
                "data_path": "test_cls/processed_data.pkl"
            },
            "_name": "test_cls"
        }
    }
]
11/22/2021 04:00:17 - INFO - root - You have 1 training config(s), they all will be run.
11/22/2021 04:00:17 - INFO - root - Runing the 0th a5d9d536-4b05-11ec-8433-18c04d299e80...
11/22/2021 04:00:17 - INFO - pytorch_lightning.utilities.distributed - GPU available: False, used: False
11/22/2021 04:00:17 - INFO - pytorch_lightning.utilities.distributed - TPU available: False, using: 0 TPU cores
11/22/2021 04:00:17 - INFO - pytorch_lightning.utilities.distributed - IPU available: False, using: 0 IPUs
11/22/2021 04:01:56 - INFO - root - You have 1 training config(s), they all will be run.
11/22/2021 04:01:56 - INFO - root - Runing the 0th e1250e4c-4b05-11ec-851c-18c04d299e80...
11/22/2021 04:01:56 - INFO - pytorch_lightning.utilities.distributed - GPU available: False, used: False
11/22/2021 04:01:56 - INFO - pytorch_lightning.utilities.distributed - TPU available: False, using: 0 TPU cores
11/22/2021 04:01:56 - INFO - pytorch_lightning.utilities.distributed - IPU available: False, using: 0 IPUs
11/22/2021 04:02:48 - INFO - root - You have 1 training config(s), they all will be run.
11/22/2021 04:02:48 - INFO - root - Runing the 0th ffd3eae4-4b05-11ec-a5dc-18c04d299e80...
11/22/2021 04:02:48 - INFO - pytorch_lightning.utilities.distributed - GPU available: False, used: False
11/22/2021 04:02:48 - INFO - pytorch_lightning.utilities.distributed - TPU available: False, using: 0 TPU cores
11/22/2021 04:02:48 - INFO - pytorch_lightning.utilities.distributed - IPU available: False, using: 0 IPUs
11/22/2021 04:03:16 - INFO - root - You have 1 training config(s), they all will be run.
11/22/2021 04:03:16 - INFO - root - Runing the 0th 10cfd7b0-4b06-11ec-b78d-18c04d299e80...
11/22/2021 04:03:16 - INFO - pytorch_lightning.utilities.distributed - GPU available: False, used: False
11/22/2021 04:03:16 - INFO - pytorch_lightning.utilities.distributed - TPU available: False, using: 0 TPU cores
11/22/2021 04:03:16 - INFO - pytorch_lightning.utilities.distributed - IPU available: False, using: 0 IPUs
11/22/2021 04:04:07 - INFO - root - You have 1 training config(s), they all will be run.
11/22/2021 04:04:07 - INFO - root - Runing the 0th 2ecab012-4b06-11ec-88ce-18c04d299e80...
11/22/2021 04:04:07 - INFO - pytorch_lightning.utilities.distributed - GPU available: False, used: False
11/22/2021 04:04:07 - INFO - pytorch_lightning.utilities.distributed - TPU available: False, using: 0 TPU cores
11/22/2021 04:04:07 - INFO - pytorch_lightning.utilities.distributed - IPU available: False, using: 0 IPUs
11/22/2021 04:05:27 - INFO - root - You have 1 training config(s), they all will be run.
11/22/2021 04:05:27 - INFO - root - Runing the 0th 5ea25362-4b06-11ec-968c-18c04d299e80...
11/22/2021 04:05:27 - INFO - pytorch_lightning.utilities.distributed - GPU available: False, used: False
11/22/2021 04:05:27 - INFO - pytorch_lightning.utilities.distributed - TPU available: False, using: 0 TPU cores
11/22/2021 04:05:27 - INFO - pytorch_lightning.utilities.distributed - IPU available: False, using: 0 IPUs
11/22/2021 04:05:53 - INFO - root - You have 1 training config(s), they all will be run.
11/22/2021 04:05:53 - INFO - root - Runing the 0th 6e334c22-4b06-11ec-a922-18c04d299e80...
11/22/2021 04:05:53 - INFO - pytorch_lightning.utilities.distributed - GPU available: False, used: False
11/22/2021 04:05:53 - INFO - pytorch_lightning.utilities.distributed - TPU available: False, using: 0 TPU cores
11/22/2021 04:05:53 - INFO - pytorch_lightning.utilities.distributed - IPU available: False, using: 0 IPUs
11/22/2021 04:06:40 - INFO - root - You have 1 training config(s), they all will be run.
11/22/2021 04:06:40 - INFO - root - Runing the 0th 8a541e0a-4b06-11ec-9efc-18c04d299e80...
11/22/2021 04:06:40 - INFO - pytorch_lightning.utilities.distributed - GPU available: False, used: False
11/22/2021 04:06:40 - INFO - pytorch_lightning.utilities.distributed - TPU available: False, using: 0 TPU cores
11/22/2021 04:06:40 - INFO - pytorch_lightning.utilities.distributed - IPU available: False, using: 0 IPUs
